[19:20:17] [ServerMain/INFO]: [bootstrap] Running Java 27 (Java HotSpot(TM) 64-Bit Server VM 27+35-2325; Oracle Corporation null) on Windows 10 10.0 (amd64)
[19:20:18] [ServerMain/INFO]: [bootstrap] Loading Paper 26.2-83-main@f9fb80b (2026-07-26T16:57:41Z) for Minecraft 26.2
[19:20:18] [ServerMain/INFO]: [PluginInitializerManager] Initializing plugins...
[19:20:20] [ServerMain/INFO]: [PluginInitializerManager] Initialized 4 plugins
[19:20:20] [ServerMain/INFO]: [PluginInitializerManager] Bukkit plugins (4):
 - Chunky (1.5.3), CoreProtect (24.0), Geyser-Spigot (2.11.3-SNAPSHOT), floodgate (2.2.5-SNAPSHOT (b141-81b65cc))
[19:20:23] [CrashReport preload thread/WARN]: [oshi.util.platform.windows.PerfDataUtil] Failed to add PDH Counter: \Paging File(_Total)\% Usage, Error code: 0xC0000BB8
[19:20:23] [CrashReport preload thread/WARN]: [oshi.util.platform.windows.PerfCounterQueryHandler] Failed to add counter for PDH counter: \Paging File(_Total)\% Usage
[19:20:23] [CrashReport preload thread/INFO]: [oshi.util.platform.windows.PerfCounterQuery] Disabling further attempts to query Paging File.
[19:20:33] [CrashReport preload thread/WARN]: [oshi.util.platform.windows.WmiQueryHandler] COM exception: Invalid Query: SELECT PERCENTUSAGE FROM Win32_PerfRawData_PerfOS_PagingFile
[19:20:33] [CrashReport preload thread/WARN]: [oshi.util.platform.windows.PerfCounterWildcardQuery] Failed to locate performance object for Process in the registry. Performance counters may be corrupt. Pdh call failed with error code 0xC0000BB8
[19:20:33] [CrashReport preload thread/INFO]: [oshi.util.platform.windows.PerfCounterWildcardQuery] Disabling further attempts to query Process.
[19:20:40] [DataConverter MCTypeRegistry init thread/INFO]: [ca.spottedleaf.dataconverter.minecraft.datatypes.MCTypeRegistry] Initialising converters for DataConverter...
[19:20:41] [ServerMain/INFO]: Environment: Environment[sessionHost=https://sessionserver.mojang.com, servicesHost=https://api.minecraftservices.com, profilesHost=https://api.mojang.com, name=PROD]
[19:20:45] [DataConverter MCTypeRegistry init thread/INFO]: [ca.spottedleaf.dataconverter.minecraft.datatypes.MCTypeRegistry] Finished initialising converters for DataConverter in 4.831,5ms
[19:20:45] [CrashReport preload thread/WARN]: [oshi.util.platform.windows.WmiQueryHandler] COM exception: Invalid Query: SELECT NAME,PRIORITYBASE,ELAPSEDTIME,IDPROCESS,CREATINGPROCESSID,IOREADBYTESPERSEC,IOWRITEBYTESPERSEC,PRIVATEBYTES,PAGEFAULTSPERSEC FROM Win32_PerfRawData_PerfProc_Process WHERE NOT Name LIKE "%_Total"
[19:20:45] [CrashReport preload thread/WARN]: Failed to get system info for Process Loads
java.lang.NullPointerException: Cannot invoke "oshi.software.os.OSProcess.getUserTime()" because "process" is null
	at net.minecraft.SystemReport.lambda$putProcessDetails$0(SystemReport.java:191) ~[paper-26.2.jar:26.2-83-f9fb80b]
	at net.minecraft.SystemReport.setDetail(SystemReport.java:96) ~[paper-26.2.jar:26.2-83-f9fb80b]
	at net.minecraft.SystemReport.putProcessDetails(SystemReport.java:188) ~[paper-26.2.jar:26.2-83-f9fb80b]
	at net.minecraft.SystemReport.lambda$putSoftware$0(SystemReport.java:115) ~[paper-26.2.jar:26.2-83-f9fb80b]
	at net.minecraft.SystemReport.ignoreErrors(SystemReport.java:120) ~[paper-26.2.jar:26.2-83-f9fb80b]
	at net.minecraft.SystemReport.putSoftware(SystemReport.java:115) ~[paper-26.2.jar:26.2-83-f9fb80b]
	at net.minecraft.SystemReport.lambda$new$7(SystemReport.java:68) ~[paper-26.2.jar:26.2-83-f9fb80b]
	at net.minecraft.SystemReport.ignoreErrors(SystemReport.java:120) ~[paper-26.2.jar:26.2-83-f9fb80b]
	at net.minecraft.SystemReport.<init>(SystemReport.java:68) ~[paper-26.2.jar:26.2-83-f9fb80b]
	at net.minecraft.CrashReport.<init>(CrashReport.java:32) ~[paper-26.2.jar:26.2-83-f9fb80b]
	at net.minecraft.CrashReport.preload(CrashReport.java:240) ~[paper-26.2.jar:26.2-83-f9fb80b]
	at java.base/java.lang.Thread.run(Thread.java:1527) ~[?:?]
[19:20:45] [CrashReport preload thread/WARN]: Failed to get system info for Process Virtual Size (MiB)
java.lang.NullPointerException: Cannot invoke "oshi.software.os.OSProcess.getVirtualSize()" because "process" is null
	at net.minecraft.SystemReport.lambda$putProcessDetails$1(SystemReport.java:208) ~[paper-26.2.jar:26.2-83-f9fb80b]
	at net.minecraft.SystemReport.setDetail(SystemReport.java:96) ~[paper-26.2.jar:26.2-83-f9fb80b]
	at net.minecraft.SystemReport.putProcessDetails(SystemReport.java:208) ~[paper-26.2.jar:26.2-83-f9fb80b]
	at net.minecraft.SystemReport.lambda$putSoftware$0(SystemReport.java:115) ~[paper-26.2.jar:26.2-83-f9fb80b]
	at net.minecraft.SystemReport.ignoreErrors(SystemReport.java:120) ~[paper-26.2.jar:26.2-83-f9fb80b]
	at net.minecraft.SystemReport.putSoftware(SystemReport.java:115) ~[paper-26.2.jar:26.2-83-f9fb80b]
	at net.minecraft.SystemReport.lambda$new$7(SystemReport.java:68) ~[paper-26.2.jar:26.2-83-f9fb80b]
	at net.minecraft.SystemReport.ignoreErrors(SystemReport.java:120) ~[paper-26.2.jar:26.2-83-f9fb80b]
	at net.minecraft.SystemReport.<init>(SystemReport.java:68) ~[paper-26.2.jar:26.2-83-f9fb80b]
	at net.minecraft.CrashReport.<init>(CrashReport.java:32) ~[paper-26.2.jar:26.2-83-f9fb80b]
	at net.minecraft.CrashReport.preload(CrashReport.java:240) ~[paper-26.2.jar:26.2-83-f9fb80b]
	at java.base/java.lang.Thread.run(Thread.java:1527) ~[?:?]
[19:20:45] [CrashReport preload thread/WARN]: Failed to get system info for Process Resident Size (MiB)
java.lang.NullPointerException: Cannot invoke "oshi.software.os.OSProcess.getResidentSetSize()" because "process" is null
	at net.minecraft.SystemReport.lambda$putProcessDetails$2(SystemReport.java:209) ~[paper-26.2.jar:26.2-83-f9fb80b]
	at net.minecraft.SystemReport.setDetail(SystemReport.java:96) ~[paper-26.2.jar:26.2-83-f9fb80b]
	at net.minecraft.SystemReport.putProcessDetails(SystemReport.java:209) ~[paper-26.2.jar:26.2-83-f9fb80b]
	at net.minecraft.SystemReport.lambda$putSoftware$0(SystemReport.java:115) ~[paper-26.2.jar:26.2-83-f9fb80b]
	at net.minecraft.SystemReport.ignoreErrors(SystemReport.java:120) ~[paper-26.2.jar:26.2-83-f9fb80b]
	at net.minecraft.SystemReport.putSoftware(SystemReport.java:115) ~[paper-26.2.jar:26.2-83-f9fb80b]
	at net.minecraft.SystemReport.lambda$new$7(SystemReport.java:68) ~[paper-26.2.jar:26.2-83-f9fb80b]
	at net.minecraft.SystemReport.ignoreErrors(SystemReport.java:120) ~[paper-26.2.jar:26.2-83-f9fb80b]
	at net.minecraft.SystemReport.<init>(SystemReport.java:68) ~[paper-26.2.jar:26.2-83-f9fb80b]
	at net.minecraft.CrashReport.<init>(CrashReport.java:32) ~[paper-26.2.jar:26.2-83-f9fb80b]
	at net.minecraft.CrashReport.preload(CrashReport.java:240) ~[paper-26.2.jar:26.2-83-f9fb80b]
	at java.base/java.lang.Thread.run(Thread.java:1527) ~[?:?]
[19:20:46] [ServerMain/INFO]: Found new data pack file/bukkit, loading it automatically
[19:20:46] [ServerMain/INFO]: Found new data pack paper, loading it automatically
[19:20:55] [Worker-Main-1/INFO]: No existing world data, creating new world
[19:21:02] [ServerMain/INFO]: Loaded 1585 recipes
[19:21:02] [ServerMain/INFO]: Loaded 1688 advancements
[19:21:03] [Server thread/INFO]: Starting minecraft server version 26.2
[19:21:03] [Server thread/INFO]: Loading properties
[19:21:03] [Server thread/INFO]: This server is running Paper version 26.2-83-main@f9fb80b (2026-07-26T16:57:41Z) (Implementing API version 26.2.build.83-stable)
[19:21:03] [Server thread/INFO]: [spark] This server bundles the spark profiler. For more information please visit https://docs.papermc.io/paper/profiling
[19:21:04] [Server thread/INFO]: Using 4 threads for Netty based IO
[19:21:04] [Server thread/INFO]: Server Ping Player Sample Count: 12
[19:21:04] [Server thread/INFO]: [MoonriseCommon] Paper is using 1 worker threads, 1 I/O threads
[19:21:06] [Server thread/INFO]: Default game type: SURVIVAL
[19:21:06] [Server thread/INFO]: Generating keypair
[19:21:07] [Server thread/INFO]: Starting Minecraft server on 127.0.0.1:25566
[19:21:07] [Server thread/INFO]: Paper: Using Java compression from Velocity.
[19:21:07] [Server thread/INFO]: Paper: Using Java cipher from Velocity.
[19:21:08] [Server thread/INFO]: [floodgate] Loading server plugin floodgate v2.2.5-SNAPSHOT (b141-81b65cc)
[19:21:10] [Server thread/INFO]: [floodgate] Demorou 2.731ms para inicializar o Floodgate
[19:21:10] [Server thread/INFO]: [Geyser-Spigot] Loading server plugin Geyser-Spigot v2.11.3-SNAPSHOT
[19:21:12] [Server thread/INFO]: [Geyser-Spigot] Carregando extensões...
[19:21:12] [Server thread/INFO]: [Geyser-Spigot] 0 extensão(ões) carregada
[19:21:12] [Server thread/INFO]: [CoreProtect] Loading server plugin CoreProtect v24.0
[19:21:12] [Server thread/INFO]: [Chunky] Loading server plugin Chunky v1.5.3
[19:21:12] [Server thread/INFO]: Preparing level "world"
[19:21:14] [Server thread/INFO]: Selecting spawn point for level 'minecraft:overworld'...
[19:21:45] [Server thread/INFO]: Selecting spawn point for level 'minecraft:the_nether'...
[19:21:49] [Server thread/INFO]: Selecting spawn point for level 'minecraft:the_end'...
[19:21:50] [Server thread/INFO]: Loading 0 persistent chunks for level 'minecraft:overworld'...
[19:21:50] [Server thread/INFO]: Preparing spawn area: 100%
[19:21:50] [Server thread/INFO]: Prepared spawn area in 36094 ms
[19:21:50] [Server thread/INFO]: Loading 0 persistent chunks for level 'minecraft:the_nether'...
[19:21:50] [Server thread/INFO]: Preparing spawn area: 100%
[19:21:50] [Server thread/INFO]: Prepared spawn area in 4324 ms
[19:21:50] [Server thread/INFO]: Loading 0 persistent chunks for level 'minecraft:the_end'...
[19:21:50] [Server thread/INFO]: Preparing spawn area: 100%
[19:21:50] [Server thread/INFO]: Prepared spawn area in 1166 ms
[19:21:50] [Server thread/INFO]: Done preparing level "world" (37.499s)
[19:21:50] [Server thread/INFO]: [floodgate] Enabling floodgate v2.2.5-SNAPSHOT (b141-81b65cc)
[19:21:51] [Server thread/INFO]: [Geyser-Spigot] Enabling Geyser-Spigot v2.11.3-SNAPSHOT
[19:21:58] [Server thread/INFO]: [CoreProtect] Enabling CoreProtect v24.0
[19:21:58] [Server thread/INFO]: [CoreProtect] Minecraft 26.2 is not supported.
[19:21:58] [Server thread/INFO]: [CoreProtect] CoreProtect Community Edition was unable to start.
[19:21:58] [Server thread/INFO]: [CoreProtect] Disabling CoreProtect v24.0
[19:21:58] [Server thread/INFO]: [CoreProtect] Finishing up data logging. Please wait...
[19:21:58] [Server thread/INFO]: [CoreProtect] Success! Disabled CoreProtect v24.0
[19:21:58] [Server thread/INFO]: [Chunky] Enabling Chunky v1.5.3
[19:21:59] [Server thread/INFO]: [spark] Starting background profiler...
[19:21:59] [Server thread/INFO]: [spark] The async-profiler engine is not supported for your os/arch (windows10/amd64), so the built-in Java engine will be used instead.
[19:22:00] [Server thread/INFO]: [Geyser-Spigot] ******************************************
[19:22:00] [Server thread/INFO]: [Geyser-Spigot] 
[19:22:00] [Server thread/INFO]: [Geyser-Spigot] Carregando Geyser versão 2.11.3-b1245 (git-master-2808f7d)
[19:22:00] [Server thread/INFO]: [Geyser-Spigot] 
[19:22:00] [Server thread/INFO]: [Geyser-Spigot] ******************************************
[19:22:04] [Server thread/INFO]: [Geyser-Spigot] Registered 199 custom block overrides.
[19:22:04] [Server thread/INFO]: [Geyser-Spigot] Registered 2 custom block item overrides.
[19:22:04] [Server thread/INFO]: [Geyser-Spigot] Registered 7 custom blocks.
[19:22:09] [Server thread/INFO]: [Geyser-Spigot] Registered 1 custom items
[19:22:12] [ForkJoinPool.commonPool-worker-3/INFO]: [Geyser-Spigot] Baixando o Minecraft JAR para extrair os arquivos necessários, aguarde... (isso pode levar algum tempo dependendo da velocidade da sua conexão com a internet)
[19:22:12] [GeyserServer-3-1/INFO]: [Geyser-Spigot] Geyser iniciado em 127.0.0.1: 19133
[19:22:12] [Server thread/INFO]: [Geyser-Spigot] Concluído (11,82 s)! Execute /geyser help para obter ajuda!
[19:22:13] [Server thread/INFO]: Starting GS4 status listener
[19:22:13] [Server thread/INFO]: Thread Query Listener started
[19:22:13] [Query Listener #1/INFO]: Query running on 127.0.0.1:25566
[19:22:13] [Server thread/INFO]: Saving chunks for level 'ServerLevel[world]'/minecraft:overworld
[19:22:15] [Server thread/INFO]: Saving chunks for level 'ServerLevel[world]'/minecraft:the_nether
[19:22:16] [Server thread/INFO]: Saving chunks for level 'ServerLevel[world]'/minecraft:the_end
[19:22:17] [ForkJoinPool.commonPool-worker-3/INFO]: [Geyser-Spigot] O JAR do Minecraft foi baixado e carregado com sucesso!
[19:22:18] [Server thread/INFO]: ThreadedAnvilChunkStorage (world): All chunks are saved
[19:22:18] [Server thread/INFO]: ThreadedAnvilChunkStorage (DIM-1): All chunks are saved
[19:22:18] [Server thread/INFO]: ThreadedAnvilChunkStorage (DIM1): All chunks are saved
[19:22:18] [Server thread/INFO]: ThreadedAnvilChunkStorage: All dimensions are saved
[19:22:18] [Server thread/INFO]: Running delayed init tasks
[19:22:18] [Server thread/INFO]: Done (123.325s)! For help, type "help"
[19:22:18] [Server thread/INFO]: *************************************************************************************
[19:22:18] [Server thread/INFO]: This is the first time you're starting this server.
[19:22:18] [Server thread/INFO]: It's recommended you read our 'Getting Started' documentation for guidance.
[19:22:18] [Server thread/INFO]: View this and more helpful information here: https://docs.papermc.io/paper/next-steps
[19:22:18] [Server thread/INFO]: *************************************************************************************
[19:22:18] [Paper Async Task Handler Thread - 1/INFO]: *** Currently you are 44 builds behind ***
[19:22:18] [Paper Async Task Handler Thread - 1/INFO]: *** It is highly recommended to download the latest build from https://papermc.io/downloads/paper ***
[19:22:18] [Server thread/INFO]: Lumineta (/127.0.0.1:49791) lost connection: Disconnected
[19:22:18] [Server thread/INFO]: Lumineta (/127.0.0.1:49793) lost connection: Disconnected
[19:22:35] [User Authenticator #0/INFO]: UUID of player Lumineta is 929fc2c6-d04e-4691-8f36-897cd211251e
[19:22:57] [Server thread/INFO]: Lumineta joined the game
[19:22:57] [Server thread/INFO]: Lumineta[/127.0.0.1:49814] logged in with entity id 42 at ([minecraft:overworld]353.5, 70.0, 106.5)
[19:24:53] [Server thread/WARN]: Lumineta moved too quickly! 10.807606866396839,0.4959870982234804,2.134821893630374
[19:25:04] [Server thread/WARN]: Lumineta moved too quickly! 4.600999296039504,3.252203340253729,9.791941307743429
[19:25:55] [Paper Watchdog Thread/ERROR]: --- DO NOT REPORT THIS TO PAPER - THIS IS NOT A BUG OR A CRASH  - 26.2-83-f9fb80b (MC: 26.2) ---
[19:25:55] [Paper Watchdog Thread/ERROR]: The server has not responded for 28 seconds! Creating thread dump
[19:25:55] [Paper Watchdog Thread/ERROR]: ------------------------------
[19:25:55] [Paper Watchdog Thread/ERROR]: Server thread dump (Look for plugins here before reporting to Paper!):
[19:25:55] [Paper Watchdog Thread/ERROR]: ------------------------------
[19:25:55] [Paper Watchdog Thread/ERROR]: Current Thread: Server thread
[19:25:55] [Paper Watchdog Thread/ERROR]: 	PID: 52 | Suspended: false | Native: false | State: RUNNABLE
[19:25:55] [Paper Watchdog Thread/ERROR]: 	Stack:
[19:25:55] [Paper Watchdog Thread/ERROR]: 		net.minecraft.world.entity.ai.attributes.AttributeInstance.getModifiersOrEmpty(AttributeInstance.java:169)
[19:25:55] [Paper Watchdog Thread/ERROR]: 		net.minecraft.world.entity.ai.attributes.AttributeInstance.calculateValue(AttributeInstance.java:151)
[19:25:55] [Paper Watchdog Thread/ERROR]: 		net.minecraft.world.entity.ai.attributes.AttributeInstance.getValue(AttributeInstance.java:141)
[19:25:55] [Paper Watchdog Thread/ERROR]: 		net.minecraft.world.entity.ai.attributes.AttributeMap.getValue(AttributeMap.java:60)
[19:25:55] [Paper Watchdog Thread/ERROR]: 		net.minecraft.world.entity.LivingEntity.getAttributeValue(LivingEntity.java:2819)
[19:25:55] [Paper Watchdog Thread/ERROR]: 		net.minecraft.world.entity.ai.control.MoveControl.tick(MoveControl.java:97)
[19:25:55] [Paper Watchdog Thread/ERROR]: 		net.minecraft.world.entity.Mob.serverAiStep(Mob.java:850)
[19:25:55] [Paper Watchdog Thread/ERROR]: 		net.minecraft.world.entity.LivingEntity.aiStep(LivingEntity.java:3731)
[19:25:55] [Paper Watchdog Thread/ERROR]: 		net.minecraft.world.entity.Mob.aiStep(Mob.java:527)
[19:25:55] [Paper Watchdog Thread/ERROR]: 		net.minecraft.world.entity.monster.Monster.aiStep(Monster.java:45)
[19:25:55] [Paper Watchdog Thread/ERROR]: 		net.minecraft.world.entity.LivingEntity.tick(LivingEntity.java:3437)
[19:25:55] [Paper Watchdog Thread/ERROR]: 		net.minecraft.world.entity.Mob.tick(Mob.java:405)
[19:25:55] [Paper Watchdog Thread/ERROR]: 		net.minecraft.world.entity.monster.zombie.Zombie.tick(Zombie.java:242)
[19:25:55] [Paper Watchdog Thread/ERROR]: 		net.minecraft.server.level.ServerLevel.tickNonPassenger(ServerLevel.java:1405)
[19:25:55] [Paper Watchdog Thread/ERROR]: 		net.minecraft.server.level.ServerLevel$$Lambda/0x000000008c1b7400.accept(Unknown Source)
[19:25:55] [Paper Watchdog Thread/ERROR]: 		net.minecraft.world.level.Level.guardEntityTick(Level.java:1522)
[19:25:55] [Paper Watchdog Thread/ERROR]: 		net.minecraft.server.level.ServerLevel.lambda$tick$0(ServerLevel.java:904)
[19:25:55] [Paper Watchdog Thread/ERROR]: 		net.minecraft.server.level.ServerLevel$$Lambda/0x000000008ba29000.accept(Unknown Source)
[19:25:55] [Paper Watchdog Thread/ERROR]: 		net.minecraft.world.level.entity.EntityTickList.forEach(EntityTickList.java:39)
[19:25:55] [Paper Watchdog Thread/ERROR]: 		net.minecraft.server.level.ServerLevel.tick(ServerLevel.java:886)
[19:25:55] [Paper Watchdog Thread/ERROR]: 		net.minecraft.server.MinecraftServer.tickChildren(MinecraftServer.java:1824)
[19:25:55] [Paper Watchdog Thread/ERROR]: 		net.minecraft.server.MinecraftServer.tickServer(MinecraftServer.java:1621)
[19:25:55] [Paper Watchdog Thread/ERROR]: 		net.minecraft.server.dedicated.DedicatedServer.tickServer(DedicatedServer.java:404)
[19:25:55] [Paper Watchdog Thread/ERROR]: 		net.minecraft.server.MinecraftServer.processPacketsAndTick(MinecraftServer.java:1679)
[19:25:55] [Paper Watchdog Thread/ERROR]: 		net.minecraft.server.MinecraftServer.runServer(MinecraftServer.java:1349)
[19:25:55] [Paper Watchdog Thread/ERROR]: 		net.minecraft.server.MinecraftServer.lambda$spin$0(MinecraftServer.java:303)
[19:25:55] [Paper Watchdog Thread/ERROR]: 		net.minecraft.server.MinecraftServer$$Lambda/0x000000008aab4c00.run(Unknown Source)
[19:25:55] [Paper Watchdog Thread/ERROR]: 		java.base@27/java.lang.Thread.runWith(Thread.java:1540)
[19:25:55] [Paper Watchdog Thread/ERROR]: 		java.base@27/java.lang.Thread.run(Thread.java:1527)
[19:25:55] [Paper Watchdog Thread/ERROR]: ------------------------------
[19:25:55] [Paper Watchdog Thread/ERROR]: --- DO NOT REPORT THIS TO PAPER - THIS IS NOT A BUG OR A CRASH ---
[19:25:55] [Paper Watchdog Thread/ERROR]: ------------------------------
[19:25:55] [Server thread/INFO]: Made Lumineta a server operator
[19:25:55] [Server thread/INFO]: Set Lumineta's game mode to Creative Mode
[19:26:31] [Server thread/INFO]: Lumineta lost connection: Disconnected
[19:26:31] [Server thread/INFO]: Lumineta left the game
[19:26:44] [Server thread/INFO]: Saving the game (this may take a moment!)
[19:26:44] [Server thread/INFO]: Saved the game
[19:26:44] [Server thread/INFO]: Stopping the server
[19:26:44] [Server thread/INFO]: Stopping server
[19:26:44] [Server thread/INFO]: [Chunky] Disabling Chunky v1.5.3
[19:26:44] [Server thread/INFO]: [Geyser-Spigot] Disabling Geyser-Spigot v2.11.3-SNAPSHOT
[19:26:44] [Server thread/INFO]: [Geyser-Spigot] Desligando o Geyser.
[19:26:44] [WebSocketConnectReadThread-131/INFO]: [Geyser-Spigot] The skin uploader has been closed
[19:26:44] [Server thread/INFO]: [Geyser-Spigot] Geyser encerrado com sucesso.
[19:26:44] [Server thread/INFO]: [floodgate] Disabling floodgate v2.2.5-SNAPSHOT (b141-81b65cc)
[19:26:45] [Server thread/INFO]: Saving players
[19:26:45] [Server thread/INFO]: Saving worlds
[19:26:45] [Server thread/INFO]: Saving chunks for level 'ServerLevel[world]'/minecraft:overworld
[19:26:45] [Server thread/INFO]: [ChunkHolderManager] Waiting 60s for chunk system to halt for world 'minecraft:overworld'
[19:26:45] [Server thread/INFO]: [ChunkHolderManager] Halted chunk system for world 'minecraft:overworld'
[19:26:45] [Server thread/INFO]: [ChunkHolderManager] Saving all chunkholders for world 'minecraft:overworld'
[19:26:49] [Server thread/INFO]: [ChunkHolderManager] Saved 0 block chunks, 0 entity chunks, 0 poi chunks in world 'minecraft:overworld' in 4,16s
[19:26:49] [Server thread/INFO]: [ChunkHolderManager] Waiting 60s for chunk I/O to halt for world 'minecraft:overworld'
[19:26:49] [Server thread/INFO]: [ChunkHolderManager] Halted I/O scheduler for world 'minecraft:overworld'
[19:26:50] [Server thread/INFO]: Saving chunks for level 'ServerLevel[world]'/minecraft:the_nether
[19:26:50] [Server thread/INFO]: [ChunkHolderManager] Waiting 60s for chunk system to halt for world 'minecraft:the_nether'
[19:26:50] [Server thread/INFO]: [ChunkHolderManager] Halted chunk system for world 'minecraft:the_nether'
[19:26:50] [Server thread/INFO]: [ChunkHolderManager] Saving all chunkholders for world 'minecraft:the_nether'
[19:26:50] [Server thread/INFO]: [ChunkHolderManager] Saved 0 block chunks, 0 entity chunks, 0 poi chunks in world 'minecraft:the_nether' in 0,10s
[19:26:50] [Server thread/INFO]: [ChunkHolderManager] Waiting 60s for chunk I/O to halt for world 'minecraft:the_nether'
[19:26:50] [Server thread/INFO]: [ChunkHolderManager] Halted I/O scheduler for world 'minecraft:the_nether'
[19:26:51] [Server thread/INFO]: Saving chunks for level 'ServerLevel[world]'/minecraft:the_end
[19:26:51] [Server thread/INFO]: [ChunkHolderManager] Waiting 60s for chunk system to halt for world 'minecraft:the_end'
[19:26:51] [Server thread/INFO]: [ChunkHolderManager] Halted chunk system for world 'minecraft:the_end'
[19:26:51] [Server thread/INFO]: [ChunkHolderManager] Saving all chunkholders for world 'minecraft:the_end'
[19:26:51] [Server thread/INFO]: [ChunkHolderManager] Saved 0 block chunks, 0 entity chunks, 0 poi chunks in world 'minecraft:the_end' in 0,11s
[19:26:51] [Server thread/INFO]: [ChunkHolderManager] Waiting 60s for chunk I/O to halt for world 'minecraft:the_end'
[19:26:51] [Server thread/INFO]: [ChunkHolderManager] Halted I/O scheduler for world 'minecraft:the_end'
[19:26:51] [Server thread/INFO]: ThreadedAnvilChunkStorage (world): All chunks are saved
[19:26:51] [Server thread/INFO]: ThreadedAnvilChunkStorage (DIM-1): All chunks are saved
[19:26:51] [Server thread/INFO]: ThreadedAnvilChunkStorage (DIM1): All chunks are saved
[19:26:51] [Server thread/INFO]: ThreadedAnvilChunkStorage: All dimensions are saved
[19:26:51] [Server thread/INFO]: Waiting for all RegionFile I/O tasks to complete...
[19:26:51] [Server thread/INFO]: All RegionFile I/O tasks to complete
[19:26:51] [Server thread/INFO]: [MoonriseCommon] Awaiting termination of worker pool for up to 60s...
[19:26:51] [Server thread/INFO]: [MoonriseCommon] Awaiting termination of I/O pool for up to 60s...
